// Jest Snapshot v1, https://goo.gl/fbAQLP

exports[`<Find/> should find two notes in the store 1`] = `
<body>
  <div>
    <section
      class="find"
    >
      <label>
        Find by keyword
      </label>
      <span
        class="input-container"
        data-testid="find-component"
      >
        <input
          placeholder="Search for a keyword..."
          type="search"
        />
        <button
          name=""
          role="button"
        >
          <div
            style="display: inline-block; max-width: 100%; overflow: hidden; position: relative; box-sizing: border-box; margin: 0px;"
          >
            <div
              style="box-sizing: border-box; display: block; max-width: 100%;"
            >
              <img
                alt=""
                aria-hidden="true"
                role="presentation"
                src="data:image/svg+xml;base64,PHN2ZyB3aWR0aD0iMTgiIGhlaWdodD0iMTgiIHhtbG5zPSJodHRwOi8vd3d3LnczLm9yZy8yMDAwL3N2ZyIgdmVyc2lvbj0iMS4xIi8+"
                style="max-width: 100%; display: block; margin: 0px; padding: 0px;"
              />
            </div>
            <noscript />
            <img
              alt="search icon"
              decoding="async"
              src="data:image/gif;base64,R0lGODlhAQABAIAAAAAAAP///yH5BAEAAAAALAAAAAABAAEAAAIBRAA7"
              style="position: absolute; top: 0px; left: 0px; bottom: 0px; right: 0px; box-sizing: border-box; padding: 0px; margin: auto; display: block; width: 0px; height: 0px; min-width: 100%; max-width: 100%; min-height: 100%; max-height: 100%;"
            />
          </div>
        </button>
      </span>
      <ul>
        <li
          data-testid="list-item"
        >
          <p>
            Note: testSubject - Tuesday, June 13th, 2017 2:41:20 AM
          </p>
        </li>
        <li
          data-testid="list-item"
        >
          <p>
            Note: testSubject - Tuesday, June 13th, 2017 2:41:20 AM
          </p>
        </li>
      </ul>
    </section>
  </div>
</body>
`;
